============================= test session starts ==============================
platform linux -- Python 3.12.3, pytest-9.0.2, pluggy-1.6.0
rootdir: /home/youngs75/projects/my-ultra-jennie
plugins: anyio-4.12.0, langsmith-0.4.56, asyncio-1.3.0, mock-3.15.1, cov-7.0.0
asyncio: mode=Mode.STRICT, debug=False, asyncio_default_fixture_loop_scope=None, asyncio_default_test_loop_scope=function
collected 32 items

tests/shared/test_llm_brain.py FFF.FF.FFFFFFFFFF.FFF